// Jest Snapshot v1, https://goo.gl/fbAQLP

exports[`rendering should match snapshot 1`] = `
<DocumentFragment>
  <div
    class="App"
  >
    <img
      alt="chegg-logo"
      class="logo"
      src="logo.svg"
    />
    <h1>
      Tic Tac Toe
    </h1>
    <div
      class="dropdown--container"
      id="boardSize"
    >
      <label
        class="dropdown--label"
        for="boardSize"
      >
        Choose the board size:
      </label>
      <select
        class="dropdown--select"
        id="boardSize"
        name="boardSize"
      >
        <option
          value="3"
        >
          3
        </option>
        <option
          value="4"
        >
          4
        </option>
        <option
          value="5"
        >
          5
        </option>
        <option
          value="6"
        >
          6
        </option>
        <option
          value="7"
        >
          7
        </option>
        <option
          value="8"
        >
          8
        </option>
        <option
          value="9"
        >
          9
        </option>
        <option
          value="10"
        >
          10
        </option>
        <option
          value="11"
        >
          11
        </option>
        <option
          value="12"
        >
          12
        </option>
        <option
          value="13"
        >
          13
        </option>
        <option
          value="14"
        >
          14
        </option>
        <option
          value="15"
        >
          15
        </option>
        <option
          value="16"
        >
          16
        </option>
        <option
          value="17"
        >
          17
        </option>
        <option
          value="18"
        >
          18
        </option>
        <option
          value="19"
        >
          19
        </option>
        <option
          value="20"
        >
          20
        </option>
      </select>
    </div>
    <div
      class="canvas"
    >
      <div
        class="grid--row"
      >
        <div
          aria-label="board-cell"
          class="grid__cell"
          data-column="0"
          data-row="0"
          role="button"
        />
        <div
          aria-label="board-cell"
          class="grid__cell"
          data-column="1"
          data-row="0"
          role="button"
        />
        <div
          aria-label="board-cell"
          class="grid__cell"
          data-column="2"
          data-row="0"
          role="button"
        />
      </div>
      <div
        class="grid--row"
      >
        <div
          aria-label="board-cell"
          class="grid__cell"
          data-column="0"
          data-row="1"
          role="button"
        />
        <div
          aria-label="board-cell"
          class="grid__cell"
          data-column="1"
          data-row="1"
          role="button"
        />
        <div
          aria-label="board-cell"
          class="grid__cell"
          data-column="2"
          data-row="1"
          role="button"
        />
      </div>
      <div
        class="grid--row"
      >
        <div
          aria-label="board-cell"
          class="grid__cell"
          data-column="0"
          data-row="2"
          role="button"
        />
        <div
          aria-label="board-cell"
          class="grid__cell"
          data-column="1"
          data-row="2"
          role="button"
        />
        <div
          aria-label="board-cell"
          class="grid__cell"
          data-column="2"
          data-row="2"
          role="button"
        />
      </div>
    </div>
    <button
      aria-label="reset"
      class="button--reset"
    >
      RESET
    </button>
    <h1
      class="message"
    />
  </div>
</DocumentFragment>
`;
